Command line invocation:
    /Applications/Xcode.app/Contents/Developer/usr/bin/xcodebuild -project SplitLens.xcodeproj -scheme SplitLens -destination "platform=iOS Simulator,name=iPhone 17 Pro" clean build

2025-11-29 00:09:22.243 xcodebuild[44558:10182413] [MT] IDERunDestination: Supported platforms for the buildables in the current scheme is empty.
CreateBuildRequest

SendProjectDescription

CreateBuildOperation

** CLEAN SUCCEEDED **

ComputePackagePrebuildTargetDependencyGraph

Prepare packages

CreateBuildRequest

SendProjectDescription

CreateBuildOperation

ComputeTargetDependencyGraph
note: Building targets in dependency order
note: Target dependency graph (1 target)
    Target 'SplitLens' in project 'SplitLens' (no dependencies)

GatherProvisioningInputs

CreateBuildDescription

ExecuteExternalTool /Applications/Xcode.app/Contents/Developer/Toolchains/XcodeDefault.xctoolchain/usr/bin/clang -v -E -dM -isysroot /Applications/Xcode.app/Contents/Developer/Platforms/iPhoneSimulator.platform/Developer/SDKs/iPhoneSimulator26.1.sdk -x c -c /dev/null

ExecuteExternalTool /Applications/Xcode.app/Contents/Developer/usr/bin/actool --print-asset-tag-combinations --output-format xml1 /Users/krutinrahtod/Desktop/Desktop/WEB/webCodes/latestCodee/splitLens/SplitLens/Preview Content/Preview Assets.xcassets /Users/krutinrahtod/Desktop/Desktop/WEB/webCodes/latestCodee/splitLens/SplitLens/Assets.xcassets

ExecuteExternalTool /Applications/Xcode.app/Contents/Developer/usr/bin/actool --version --output-format xml1

ExecuteExternalTool /Applications/Xcode.app/Contents/Developer/Toolchains/XcodeDefault.xctoolchain/usr/bin/swiftc --version

ExecuteExternalTool /Applications/Xcode.app/Contents/Developer/Toolchains/XcodeDefault.xctoolchain/usr/bin/ld -version_details

Build description signature: aff117bbdeeed8689273018ecf8f19f8
Build description path: /Users/krutinrahtod/Library/Developer/Xcode/DerivedData/SplitLens-esekyytehlwbvfekkmbvqjmvrkcx/Build/Intermediates.noindex/XCBuildData/aff117bbdeeed8689273018ecf8f19f8.xcbuilddata
ClangStatCache /Applications/Xcode.app/Contents/Developer/Toolchains/XcodeDefault.xctoolchain/usr/bin/clang-stat-cache /Applications/Xcode.app/Contents/Developer/Platforms/iPhoneSimulator.platform/Developer/SDKs/iPhoneSimulator26.1.sdk /Users/krutinrahtod/Library/Developer/Xcode/DerivedData/SDKStatCaches.noindex/iphonesimulator26.1-23B77-90cf18a4295e390e64c810bc6bd7acbc.sdkstatcache
    cd /Users/krutinrahtod/Desktop/Desktop/WEB/webCodes/latestCodee/splitLens/SplitLens.xcodeproj
    /Applications/Xcode.app/Contents/Developer/Toolchains/XcodeDefault.xctoolchain/usr/bin/clang-stat-cache /Applications/Xcode.app/Contents/Developer/Platforms/iPhoneSimulator.platform/Developer/SDKs/iPhoneSimulator26.1.sdk -o /Users/krutinrahtod/Library/Developer/Xcode/DerivedData/SDKStatCaches.noindex/iphonesimulator26.1-23B77-90cf18a4295e390e64c810bc6bd7acbc.sdkstatcache

CreateBuildDirectory /Users/krutinrahtod/Library/Developer/Xcode/DerivedData/SplitLens-esekyytehlwbvfekkmbvqjmvrkcx/Build/Intermediates.noindex
    cd /Users/krutinrahtod/Desktop/Desktop/WEB/webCodes/latestCodee/splitLens/SplitLens.xcodeproj
    builtin-create-build-directory /Users/krutinrahtod/Library/Developer/Xcode/DerivedData/SplitLens-esekyytehlwbvfekkmbvqjmvrkcx/Build/Intermediates.noindex

CreateBuildDirectory /Users/krutinrahtod/Library/Developer/Xcode/DerivedData/SplitLens-esekyytehlwbvfekkmbvqjmvrkcx/Build/Products
    cd /Users/krutinrahtod/Desktop/Desktop/WEB/webCodes/latestCodee/splitLens/SplitLens.xcodeproj
    builtin-create-build-directory /Users/krutinrahtod/Library/Developer/Xcode/DerivedData/SplitLens-esekyytehlwbvfekkmbvqjmvrkcx/Build/Products

CreateBuildDirectory /Users/krutinrahtod/Library/Developer/Xcode/DerivedData/SplitLens-esekyytehlwbvfekkmbvqjmvrkcx/Build/Products/Debug-iphonesimulator
    cd /Users/krutinrahtod/Desktop/Desktop/WEB/webCodes/latestCodee/splitLens/SplitLens.xcodeproj
    builtin-create-build-directory /Users/krutinrahtod/Library/Developer/Xcode/DerivedData/SplitLens-esekyytehlwbvfekkmbvqjmvrkcx/Build/Products/Debug-iphonesimulator

CreateBuildDirectory /Users/krutinrahtod/Library/Developer/Xcode/DerivedData/SplitLens-esekyytehlwbvfekkmbvqjmvrkcx/Build/Intermediates.noindex/SwiftExplicitPrecompiledModules
    cd /Users/krutinrahtod/Desktop/Desktop/WEB/webCodes/latestCodee/splitLens/SplitLens.xcodeproj
    builtin-create-build-directory /Users/krutinrahtod/Library/Developer/Xcode/DerivedData/SplitLens-esekyytehlwbvfekkmbvqjmvrkcx/Build/Intermediates.noindex/SwiftExplicitPrecompiledModules

CreateBuildDirectory /Users/krutinrahtod/Library/Developer/Xcode/DerivedData/SplitLens-esekyytehlwbvfekkmbvqjmvrkcx/Build/Intermediates.noindex/EagerLinkingTBDs/Debug-iphonesimulator
    cd /Users/krutinrahtod/Desktop/Desktop/WEB/webCodes/latestCodee/splitLens/SplitLens.xcodeproj
    builtin-create-build-directory /Users/krutinrahtod/Library/Developer/Xcode/DerivedData/SplitLens-esekyytehlwbvfekkmbvqjmvrkcx/Build/Intermediates.noindex/EagerLinkingTBDs/Debug-iphonesimulator

CreateBuildDirectory /Users/krutinrahtod/Library/Developer/Xcode/DerivedData/SplitLens-esekyytehlwbvfekkmbvqjmvrkcx/Build/Intermediates.noindex/ExplicitPrecompiledModules
    cd /Users/krutinrahtod/Desktop/Desktop/WEB/webCodes/latestCodee/splitLens/SplitLens.xcodeproj
    builtin-create-build-directory /Users/krutinrahtod/Library/Developer/Xcode/DerivedData/SplitLens-esekyytehlwbvfekkmbvqjmvrkcx/Build/Intermediates.noindex/ExplicitPrecompiledModules

WriteAuxiliaryFile /Users/krutinrahtod/Library/Developer/Xcode/DerivedData/SplitLens-esekyytehlwbvfekkmbvqjmvrkcx/Build/Intermediates.noindex/SplitLens.build/Debug-iphonesimulator/SplitLens-0f2e23bfa177aa83a1db144757146ace-VFS-iphonesimulator/all-product-headers.yaml
    cd /Users/krutinrahtod/Desktop/Desktop/WEB/webCodes/latestCodee/splitLens/SplitLens.xcodeproj
    write-file /Users/krutinrahtod/Library/Developer/Xcode/DerivedData/SplitLens-esekyytehlwbvfekkmbvqjmvrkcx/Build/Intermediates.noindex/SplitLens.build/Debug-iphonesimulator/SplitLens-0f2e23bfa177aa83a1db144757146ace-VFS-iphonesimulator/all-product-headers.yaml

WriteAuxiliaryFile /Users/krutinrahtod/Library/Developer/Xcode/DerivedData/SplitLens-esekyytehlwbvfekkmbvqjmvrkcx/Build/Intermediates.noindex/SplitLens.build/Debug-iphonesimulator/SplitLens.build/SplitLens-project-headers.hmap (in target 'SplitLens' from project 'SplitLens')
    cd /Users/krutinrahtod/Desktop/Desktop/WEB/webCodes/latestCodee/splitLens
    write-file /Users/krutinrahtod/Library/Developer/Xcode/DerivedData/SplitLens-esekyytehlwbvfekkmbvqjmvrkcx/Build/Intermediates.noindex/SplitLens.build/Debug-iphonesimulator/SplitLens.build/SplitLens-project-headers.hmap

WriteAuxiliaryFile /Users/krutinrahtod/Library/Developer/Xcode/DerivedData/SplitLens-esekyytehlwbvfekkmbvqjmvrkcx/Build/Intermediates.noindex/SplitLens.build/Debug-iphonesimulator/SplitLens.build/SplitLens.hmap (in target 'SplitLens' from project 'SplitLens')
    cd /Users/krutinrahtod/Desktop/Desktop/WEB/webCodes/latestCodee/splitLens
    write-file /Users/krutinrahtod/Library/Developer/Xcode/DerivedData/SplitLens-esekyytehlwbvfekkmbvqjmvrkcx/Build/Intermediates.noindex/SplitLens.build/Debug-iphonesimulator/SplitLens.build/SplitLens.hmap

WriteAuxiliaryFile /Users/krutinrahtod/Library/Developer/Xcode/DerivedData/SplitLens-esekyytehlwbvfekkmbvqjmvrkcx/Build/Intermediates.noindex/SplitLens.build/Debug-iphonesimulator/SplitLens.build/SplitLens-own-target-headers.hmap (in target 'SplitLens' from project 'SplitLens')
    cd /Users/krutinrahtod/Desktop/Desktop/WEB/webCodes/latestCodee/splitLens
    write-file /Users/krutinrahtod/Library/Developer/Xcode/DerivedData/SplitLens-esekyytehlwbvfekkmbvqjmvrkcx/Build/Intermediates.noindex/SplitLens.build/Debug-iphonesimulator/SplitLens.build/SplitLens-own-target-headers.hmap

WriteAuxiliaryFile /Users/krutinrahtod/Library/Developer/Xcode/DerivedData/SplitLens-esekyytehlwbvfekkmbvqjmvrkcx/Build/Intermediates.noindex/SplitLens.build/Debug-iphonesimulator/SplitLens.build/SplitLens-generated-files.hmap (in target 'SplitLens' from project 'SplitLens')
    cd /Users/krutinrahtod/Desktop/Desktop/WEB/webCodes/latestCodee/splitLens
    write-file /Users/krutinrahtod/Library/Developer/Xcode/DerivedData/SplitLens-esekyytehlwbvfekkmbvqjmvrkcx/Build/Intermediates.noindex/SplitLens.build/Debug-iphonesimulator/SplitLens.build/SplitLens-generated-files.hmap

WriteAuxiliaryFile /Users/krutinrahtod/Library/Developer/Xcode/DerivedData/SplitLens-esekyytehlwbvfekkmbvqjmvrkcx/Build/Intermediates.noindex/SplitLens.build/Debug-iphonesimulator/SplitLens.build/SplitLens.DependencyStaticMetadataFileList (in target 'SplitLens' from project 'SplitLens')
    cd /Users/krutinrahtod/Desktop/Desktop/WEB/webCodes/latestCodee/splitLens
    write-file /Users/krutinrahtod/Library/Developer/Xcode/DerivedData/SplitLens-esekyytehlwbvfekkmbvqjmvrkcx/Build/Intermediates.noindex/SplitLens.build/Debug-iphonesimulator/SplitLens.build/SplitLens.DependencyStaticMetadataFileList

WriteAuxiliaryFile /Users/krutinrahtod/Library/Developer/Xcode/DerivedData/SplitLens-esekyytehlwbvfekkmbvqjmvrkcx/Build/Intermediates.noindex/SplitLens.build/Debug-iphonesimulator/SplitLens.build/SplitLens.DependencyMetadataFileList (in target 'SplitLens' from project 'SplitLens')
    cd /Users/krutinrahtod/Desktop/Desktop/WEB/webCodes/latestCodee/splitLens
    write-file /Users/krutinrahtod/Library/Developer/Xcode/DerivedData/SplitLens-esekyytehlwbvfekkmbvqjmvrkcx/Build/Intermediates.noindex/SplitLens.build/Debug-iphonesimulator/SplitLens.build/SplitLens.DependencyMetadataFileList

WriteAuxiliaryFile /Users/krutinrahtod/Library/Developer/Xcode/DerivedData/SplitLens-esekyytehlwbvfekkmbvqjmvrkcx/Build/Intermediates.noindex/SplitLens.build/Debug-iphonesimulator/SplitLens.build/SplitLens-all-target-headers.hmap (in target 'SplitLens' from project 'SplitLens')
    cd /Users/krutinrahtod/Desktop/Desktop/WEB/webCodes/latestCodee/splitLens
    write-file /Users/krutinrahtod/Library/Developer/Xcode/DerivedData/SplitLens-esekyytehlwbvfekkmbvqjmvrkcx/Build/Intermediates.noindex/SplitLens.build/Debug-iphonesimulator/SplitLens.build/SplitLens-all-target-headers.hmap

WriteAuxiliaryFile /Users/krutinrahtod/Library/Developer/Xcode/DerivedData/SplitLens-esekyytehlwbvfekkmbvqjmvrkcx/Build/Intermediates.noindex/SplitLens.build/Debug-iphonesimulator/SplitLens.build/SplitLens-all-non-framework-target-headers.hmap (in target 'SplitLens' from project 'SplitLens')
    cd /Users/krutinrahtod/Desktop/Desktop/WEB/webCodes/latestCodee/splitLens
    write-file /Users/krutinrahtod/Library/Developer/Xcode/DerivedData/SplitLens-esekyytehlwbvfekkmbvqjmvrkcx/Build/Intermediates.noindex/SplitLens.build/Debug-iphonesimulator/SplitLens.build/SplitLens-all-non-framework-target-headers.hmap

WriteAuxiliaryFile /Users/krutinrahtod/Library/Developer/Xcode/DerivedData/SplitLens-esekyytehlwbvfekkmbvqjmvrkcx/Build/Intermediates.noindex/SplitLens.build/Debug-iphonesimulator/SplitLens.build/SplitLens-DebugDylibPath-normal-arm64.txt (in target 'SplitLens' from project 'SplitLens')
    cd /Users/krutinrahtod/Desktop/Desktop/WEB/webCodes/latestCodee/splitLens
    write-file /Users/krutinrahtod/Library/Developer/Xcode/DerivedData/SplitLens-esekyytehlwbvfekkmbvqjmvrkcx/Build/Intermediates.noindex/SplitLens.build/Debug-iphonesimulator/SplitLens.build/SplitLens-DebugDylibPath-normal-arm64.txt

WriteAuxiliaryFile /Users/krutinrahtod/Library/Developer/Xcode/DerivedData/SplitLens-esekyytehlwbvfekkmbvqjmvrkcx/Build/Intermediates.noindex/SplitLens.build/Debug-iphonesimulator/SplitLens.build/SplitLens-DebugDylibInstallName-normal-arm64.txt (in target 'SplitLens' from project 'SplitLens')
    cd /Users/krutinrahtod/Desktop/Desktop/WEB/webCodes/latestCodee/splitLens
    write-file /Users/krutinrahtod/Library/Developer/Xcode/DerivedData/SplitLens-esekyytehlwbvfekkmbvqjmvrkcx/Build/Intermediates.noindex/SplitLens.build/Debug-iphonesimulator/SplitLens.build/SplitLens-DebugDylibInstallName-normal-arm64.txt

WriteAuxiliaryFile /Users/krutinrahtod/Library/Developer/Xcode/DerivedData/SplitLens-esekyytehlwbvfekkmbvqjmvrkcx/Build/Intermediates.noindex/SplitLens.build/Debug-iphonesimulator/SplitLens.build/Objects-normal/arm64/SplitLens_const_extract_protocols.json (in target 'SplitLens' from project 'SplitLens')
    cd /Users/krutinrahtod/Desktop/Desktop/WEB/webCodes/latestCodee/splitLens
    write-file /Users/krutinrahtod/Library/Developer/Xcode/DerivedData/SplitLens-esekyytehlwbvfekkmbvqjmvrkcx/Build/Intermediates.noindex/SplitLens.build/Debug-iphonesimulator/SplitLens.build/Objects-normal/arm64/SplitLens_const_extract_protocols.json

WriteAuxiliaryFile /Users/krutinrahtod/Library/Developer/Xcode/DerivedData/SplitLens-esekyytehlwbvfekkmbvqjmvrkcx/Build/Intermediates.noindex/SplitLens.build/Debug-iphonesimulator/SplitLens.build/Objects-normal/arm64/SplitLens.SwiftFileList (in target 'SplitLens' from project 'SplitLens')
    cd /Users/krutinrahtod/Desktop/Desktop/WEB/webCodes/latestCodee/splitLens
    write-file /Users/krutinrahtod/Library/Developer/Xcode/DerivedData/SplitLens-esekyytehlwbvfekkmbvqjmvrkcx/Build/Intermediates.noindex/SplitLens.build/Debug-iphonesimulator/SplitLens.build/Objects-normal/arm64/SplitLens.SwiftFileList

WriteAuxiliaryFile /Users/krutinrahtod/Library/Developer/Xcode/DerivedData/SplitLens-esekyytehlwbvfekkmbvqjmvrkcx/Build/Intermediates.noindex/SplitLens.build/Debug-iphonesimulator/SplitLens.build/Objects-normal/arm64/SplitLens.SwiftConstValuesFileList (in target 'SplitLens' from project 'SplitLens')
    cd /Users/krutinrahtod/Desktop/Desktop/WEB/webCodes/latestCodee/splitLens
    write-file /Users/krutinrahtod/Library/Developer/Xcode/DerivedData/SplitLens-esekyytehlwbvfekkmbvqjmvrkcx/Build/Intermediates.noindex/SplitLens.build/Debug-iphonesimulator/SplitLens.build/Objects-normal/arm64/SplitLens.SwiftConstValuesFileList

WriteAuxiliaryFile /Users/krutinrahtod/Library/Developer/Xcode/DerivedData/SplitLens-esekyytehlwbvfekkmbvqjmvrkcx/Build/Intermediates.noindex/SplitLens.build/Debug-iphonesimulator/SplitLens.build/Objects-normal/arm64/SplitLens.LinkFileList (in target 'SplitLens' from project 'SplitLens')
    cd /Users/krutinrahtod/Desktop/Desktop/WEB/webCodes/latestCodee/splitLens
    write-file /Users/krutinrahtod/Library/Developer/Xcode/DerivedData/SplitLens-esekyytehlwbvfekkmbvqjmvrkcx/Build/Intermediates.noindex/SplitLens.build/Debug-iphonesimulator/SplitLens.build/Objects-normal/arm64/SplitLens.LinkFileList

WriteAuxiliaryFile /Users/krutinrahtod/Library/Developer/Xcode/DerivedData/SplitLens-esekyytehlwbvfekkmbvqjmvrkcx/Build/Intermediates.noindex/SplitLens.build/Debug-iphonesimulator/SplitLens.build/Objects-normal/arm64/SplitLens-OutputFileMap.json (in target 'SplitLens' from project 'SplitLens')
    cd /Users/krutinrahtod/Desktop/Desktop/WEB/webCodes/latestCodee/splitLens
    write-file /Users/krutinrahtod/Library/Developer/Xcode/DerivedData/SplitLens-esekyytehlwbvfekkmbvqjmvrkcx/Build/Intermediates.noindex/SplitLens.build/Debug-iphonesimulator/SplitLens.build/Objects-normal/arm64/SplitLens-OutputFileMap.json

WriteAuxiliaryFile /Users/krutinrahtod/Library/Developer/Xcode/DerivedData/SplitLens-esekyytehlwbvfekkmbvqjmvrkcx/Build/Intermediates.noindex/SplitLens.build/Debug-iphonesimulator/SplitLens.build/DerivedSources/Entitlements-Simulated.plist (in target 'SplitLens' from project 'SplitLens')
    cd /Users/krutinrahtod/Desktop/Desktop/WEB/webCodes/latestCodee/splitLens
    write-file /Users/krutinrahtod/Library/Developer/Xcode/DerivedData/SplitLens-esekyytehlwbvfekkmbvqjmvrkcx/Build/Intermediates.noindex/SplitLens.build/Debug-iphonesimulator/SplitLens.build/DerivedSources/Entitlements-Simulated.plist

MkDir /Users/krutinrahtod/Library/Developer/Xcode/DerivedData/SplitLens-esekyytehlwbvfekkmbvqjmvrkcx/Build/Products/Debug-iphonesimulator/SplitLens.app (in target 'SplitLens' from project 'SplitLens')
    cd /Users/krutinrahtod/Desktop/Desktop/WEB/webCodes/latestCodee/splitLens
    /bin/mkdir -p /Users/krutinrahtod/Library/Developer/Xcode/DerivedData/SplitLens-esekyytehlwbvfekkmbvqjmvrkcx/Build/Products/Debug-iphonesimulator/SplitLens.app

ValidateDevelopmentAssets /Users/krutinrahtod/Library/Developer/Xcode/DerivedData/SplitLens-esekyytehlwbvfekkmbvqjmvrkcx/Build/Intermediates.noindex/SplitLens.build/Debug-iphonesimulator/SplitLens.build (in target 'SplitLens' from project 'SplitLens')
    cd /Users/krutinrahtod/Desktop/Desktop/WEB/webCodes/latestCodee/splitLens
    builtin-validate-development-assets --validate YES_ERROR /Users/krutinrahtod/Desktop/Desktop/WEB/webCodes/latestCodee/splitLens/SplitLens/Preview\ Content

ProcessProductPackaging "" /Users/krutinrahtod/Library/Developer/Xcode/DerivedData/SplitLens-esekyytehlwbvfekkmbvqjmvrkcx/Build/Intermediates.noindex/SplitLens.build/Debug-iphonesimulator/SplitLens.build/SplitLens.app-Simulated.xcent (in target 'SplitLens' from project 'SplitLens')
    cd /Users/krutinrahtod/Desktop/Desktop/WEB/webCodes/latestCodee/splitLens
    
    Entitlements:
    
    {
    "application-identifier" = "UQX9WUU89N.com.splitlens.app";
}
    
    builtin-productPackagingUtility -entitlements -format xml -o /Users/krutinrahtod/Library/Developer/Xcode/DerivedData/SplitLens-esekyytehlwbvfekkmbvqjmvrkcx/Build/Intermediates.noindex/SplitLens.build/Debug-iphonesimulator/SplitLens.build/SplitLens.app-Simulated.xcent

ProcessProductPackagingDER /Users/krutinrahtod/Library/Developer/Xcode/DerivedData/SplitLens-esekyytehlwbvfekkmbvqjmvrkcx/Build/Intermediates.noindex/SplitLens.build/Debug-iphonesimulator/SplitLens.build/SplitLens.app-Simulated.xcent /Users/krutinrahtod/Library/Developer/Xcode/DerivedData/SplitLens-esekyytehlwbvfekkmbvqjmvrkcx/Build/Intermediates.noindex/SplitLens.build/Debug-iphonesimulator/SplitLens.build/SplitLens.app-Simulated.xcent.der (in target 'SplitLens' from project 'SplitLens')
    cd /Users/krutinrahtod/Desktop/Desktop/WEB/webCodes/latestCodee/splitLens
    /usr/bin/derq query -f xml -i /Users/krutinrahtod/Library/Developer/Xcode/DerivedData/SplitLens-esekyytehlwbvfekkmbvqjmvrkcx/Build/Intermediates.noindex/SplitLens.build/Debug-iphonesimulator/SplitLens.build/SplitLens.app-Simulated.xcent -o /Users/krutinrahtod/Library/Developer/Xcode/DerivedData/SplitLens-esekyytehlwbvfekkmbvqjmvrkcx/Build/Intermediates.noindex/SplitLens.build/Debug-iphonesimulator/SplitLens.build/SplitLens.app-Simulated.xcent.der --raw

Ld /Users/krutinrahtod/Library/Developer/Xcode/DerivedData/SplitLens-esekyytehlwbvfekkmbvqjmvrkcx/Build/Products/Debug-iphonesimulator/SplitLens.app/__preview.dylib normal (in target 'SplitLens' from project 'SplitLens')
    cd /Users/krutinrahtod/Desktop/Desktop/WEB/webCodes/latestCodee/splitLens
    /Applications/Xcode.app/Contents/Developer/Toolchains/XcodeDefault.xctoolchain/usr/bin/clang -Xlinker -reproducible -target arm64-apple-ios18.0-simulator -dynamiclib -isysroot /Applications/Xcode.app/Contents/Developer/Platforms/iPhoneSimulator.platform/Developer/SDKs/iPhoneSimulator26.1.sdk -O0 -L/Users/krutinrahtod/Library/Developer/Xcode/DerivedData/SplitLens-esekyytehlwbvfekkmbvqjmvrkcx/Build/Products/Debug-iphonesimulator -F/Users/krutinrahtod/Library/Developer/Xcode/DerivedData/SplitLens-esekyytehlwbvfekkmbvqjmvrkcx/Build/Products/Debug-iphonesimulator -install_name @rpath/SplitLens.debug.dylib -dead_strip -rdynamic -Xlinker -no_deduplicate -Xlinker -objc_abi_version -Xlinker 2 -Xlinker -dependency_info -Xlinker /Users/krutinrahtod/Library/Developer/Xcode/DerivedData/SplitLens-esekyytehlwbvfekkmbvqjmvrkcx/Build/Intermediates.noindex/SplitLens.build/Debug-iphonesimulator/SplitLens.build/Objects-normal/arm64/SplitLens_dependency_info.dat -Xlinker -sectcreate -Xlinker __TEXT -Xlinker __entitlements -Xlinker /Users/krutinrahtod/Library/Developer/Xcode/DerivedData/SplitLens-esekyytehlwbvfekkmbvqjmvrkcx/Build/Intermediates.noindex/SplitLens.build/Debug-iphonesimulator/SplitLens.build/SplitLens.app-Simulated.xcent -Xlinker -sectcreate -Xlinker __TEXT -Xlinker __ents_der -Xlinker /Users/krutinrahtod/Library/Developer/Xcode/DerivedData/SplitLens-esekyytehlwbvfekkmbvqjmvrkcx/Build/Intermediates.noindex/SplitLens.build/Debug-iphonesimulator/SplitLens.build/SplitLens.app-Simulated.xcent.der -Xlinker -no_adhoc_codesign -o /Users/krutinrahtod/Library/Developer/Xcode/DerivedData/SplitLens-esekyytehlwbvfekkmbvqjmvrkcx/Build/Products/Debug-iphonesimulator/SplitLens.app/__preview.dylib

GenerateAssetSymbols /Users/krutinrahtod/Desktop/Desktop/WEB/webCodes/latestCodee/splitLens/SplitLens/Preview\ Content/Preview\ Assets.xcassets /Users/krutinrahtod/Desktop/Desktop/WEB/webCodes/latestCodee/splitLens/SplitLens/Assets.xcassets (in target 'SplitLens' from project 'SplitLens')
    cd /Users/krutinrahtod/Desktop/Desktop/WEB/webCodes/latestCodee/splitLens
    /Applications/Xcode.app/Contents/Developer/usr/bin/actool /Users/krutinrahtod/Desktop/Desktop/WEB/webCodes/latestCodee/splitLens/SplitLens/Preview\ Content/Preview\ Assets.xcassets /Users/krutinrahtod/Desktop/Desktop/WEB/webCodes/latestCodee/splitLens/SplitLens/Assets.xcassets --compile /Users/krutinrahtod/Library/Developer/Xcode/DerivedData/SplitLens-esekyytehlwbvfekkmbvqjmvrkcx/Build/Products/Debug-iphonesimulator/SplitLens.app --output-format human-readable-text --notices --warnings --export-dependency-info /Users/krutinrahtod/Library/Developer/Xcode/DerivedData/SplitLens-esekyytehlwbvfekkmbvqjmvrkcx/Build/Intermediates.noindex/SplitLens.build/Debug-iphonesimulator/SplitLens.build/assetcatalog_dependencies --output-partial-info-plist /Users/krutinrahtod/Library/Developer/Xcode/DerivedData/SplitLens-esekyytehlwbvfekkmbvqjmvrkcx/Build/Intermediates.noindex/SplitLens.build/Debug-iphonesimulator/SplitLens.build/assetcatalog_generated_info.plist --app-icon AppIcon --accent-color AccentColor --compress-pngs --enable-on-demand-resources YES --development-region en --target-device iphone --target-device ipad --minimum-deployment-target 18.0 --platform iphonesimulator --bundle-identifier com.splitlens.app --generate-swift-asset-symbols /Users/krutinrahtod/Library/Developer/Xcode/DerivedData/SplitLens-esekyytehlwbvfekkmbvqjmvrkcx/Build/Intermediates.noindex/SplitLens.build/Debug-iphonesimulator/SplitLens.build/DerivedSources/GeneratedAssetSymbols.swift --generate-objc-asset-symbols /Users/krutinrahtod/Library/Developer/Xcode/DerivedData/SplitLens-esekyytehlwbvfekkmbvqjmvrkcx/Build/Intermediates.noindex/SplitLens.build/Debug-iphonesimulator/SplitLens.build/DerivedSources/GeneratedAssetSymbols.h --generate-asset-symbol-index /Users/krutinrahtod/Library/Developer/Xcode/DerivedData/SplitLens-esekyytehlwbvfekkmbvqjmvrkcx/Build/Intermediates.noindex/SplitLens.build/Debug-iphonesimulator/SplitLens.build/DerivedSources/GeneratedAssetSymbols-Index.plist
/* com.apple.actool.compilation-results */
/Users/krutinrahtod/Library/Developer/Xcode/DerivedData/SplitLens-esekyytehlwbvfekkmbvqjmvrkcx/Build/Intermediates.noindex/SplitLens.build/Debug-iphonesimulator/SplitLens.build/DerivedSources/GeneratedAssetSymbols-Index.plist
/Users/krutinrahtod/Library/Developer/Xcode/DerivedData/SplitLens-esekyytehlwbvfekkmbvqjmvrkcx/Build/Intermediates.noindex/SplitLens.build/Debug-iphonesimulator/SplitLens.build/DerivedSources/GeneratedAssetSymbols.h
/Users/krutinrahtod/Library/Developer/Xcode/DerivedData/SplitLens-esekyytehlwbvfekkmbvqjmvrkcx/Build/Intermediates.noindex/SplitLens.build/Debug-iphonesimulator/SplitLens.build/DerivedSources/GeneratedAssetSymbols.swift


MkDir /Users/krutinrahtod/Library/Developer/Xcode/DerivedData/SplitLens-esekyytehlwbvfekkmbvqjmvrkcx/Build/Intermediates.noindex/SplitLens.build/Debug-iphonesimulator/SplitLens.build/assetcatalog_output/unthinned (in target 'SplitLens' from project 'SplitLens')
    cd /Users/krutinrahtod/Desktop/Desktop/WEB/webCodes/latestCodee/splitLens
    /bin/mkdir -p /Users/krutinrahtod/Library/Developer/Xcode/DerivedData/SplitLens-esekyytehlwbvfekkmbvqjmvrkcx/Build/Intermediates.noindex/SplitLens.build/Debug-iphonesimulator/SplitLens.build/assetcatalog_output/unthinned

MkDir /Users/krutinrahtod/Library/Developer/Xcode/DerivedData/SplitLens-esekyytehlwbvfekkmbvqjmvrkcx/Build/Intermediates.noindex/SplitLens.build/Debug-iphonesimulator/SplitLens.build/assetcatalog_output/thinned (in target 'SplitLens' from project 'SplitLens')
    cd /Users/krutinrahtod/Desktop/Desktop/WEB/webCodes/latestCodee/splitLens
    /bin/mkdir -p /Users/krutinrahtod/Library/Developer/Xcode/DerivedData/SplitLens-esekyytehlwbvfekkmbvqjmvrkcx/Build/Intermediates.noindex/SplitLens.build/Debug-iphonesimulator/SplitLens.build/assetcatalog_output/thinned

CompileAssetCatalogVariant thinned /Users/krutinrahtod/Library/Developer/Xcode/DerivedData/SplitLens-esekyytehlwbvfekkmbvqjmvrkcx/Build/Products/Debug-iphonesimulator/SplitLens.app /Users/krutinrahtod/Desktop/Desktop/WEB/webCodes/latestCodee/splitLens/SplitLens/Preview\ Content/Preview\ Assets.xcassets /Users/krutinrahtod/Desktop/Desktop/WEB/webCodes/latestCodee/splitLens/SplitLens/Assets.xcassets (in target 'SplitLens' from project 'SplitLens')
    cd /Users/krutinrahtod/Desktop/Desktop/WEB/webCodes/latestCodee/splitLens
    /Applications/Xcode.app/Contents/Developer/usr/bin/actool /Users/krutinrahtod/Desktop/Desktop/WEB/webCodes/latestCodee/splitLens/SplitLens/Preview\ Content/Preview\ Assets.xcassets /Users/krutinrahtod/Desktop/Desktop/WEB/webCodes/latestCodee/splitLens/SplitLens/Assets.xcassets --compile /Users/krutinrahtod/Library/Developer/Xcode/DerivedData/SplitLens-esekyytehlwbvfekkmbvqjmvrkcx/Build/Intermediates.noindex/SplitLens.build/Debug-iphonesimulator/SplitLens.build/assetcatalog_output/thinned --output-format human-readable-text --notices --warnings --export-dependency-info /Users/krutinrahtod/Library/Developer/Xcode/DerivedData/SplitLens-esekyytehlwbvfekkmbvqjmvrkcx/Build/Intermediates.noindex/SplitLens.build/Debug-iphonesimulator/SplitLens.build/assetcatalog_dependencies_thinned --output-partial-info-plist /Users/krutinrahtod/Library/Developer/Xcode/DerivedData/SplitLens-esekyytehlwbvfekkmbvqjmvrkcx/Build/Intermediates.noindex/SplitLens.build/Debug-iphonesimulator/SplitLens.build/assetcatalog_generated_info.plist_thinned --app-icon AppIcon --accent-color AccentColor --compress-pngs --enable-on-demand-resources YES --filter-for-thinning-device-configuration iPhone18,1 --filter-for-device-os-version 26.1 --development-region en --target-device iphone --target-device ipad --minimum-deployment-target 18.0 --platform iphonesimulator

SwiftDriver SplitLens normal arm64 com.apple.xcode.tools.swift.compiler (in target 'SplitLens' from project 'SplitLens')
    cd /Users/krutinrahtod/Desktop/Desktop/WEB/webCodes/latestCodee/splitLens
    builtin-SwiftDriver -- /Applications/Xcode.app/Contents/Developer/Toolchains/XcodeDefault.xctoolchain/usr/bin/swiftc -module-name SplitLens -Onone -enforce-exclusivity\=checked @/Users/krutinrahtod/Library/Developer/Xcode/DerivedData/SplitLens-esekyytehlwbvfekkmbvqjmvrkcx/Build/Intermediates.noindex/SplitLens.build/Debug-iphonesimulator/SplitLens.build/Objects-normal/arm64/SplitLens.SwiftFileList -DDEBUG -enable-bare-slash-regex -enable-experimental-feature DebugDescriptionMacro -sdk /Applications/Xcode.app/Contents/Developer/Platforms/iPhoneSimulator.platform/Developer/SDKs/iPhoneSimulator26.1.sdk -target arm64-apple-ios18.0-simulator -g -module-cache-path /Users/krutinrahtod/Library/Developer/Xcode/DerivedData/ModuleCache.noindex -Xfrontend -serialize-debugging-options -enable-testing -index-store-path /Users/krutinrahtod/Library/Developer/Xcode/DerivedData/SplitLens-esekyytehlwbvfekkmbvqjmvrkcx/Index.noindex/DataStore -Xcc -D_LIBCPP_HARDENING_MODE\=_LIBCPP_HARDENING_MODE_DEBUG -swift-version 5 -I /Users/krutinrahtod/Library/Developer/Xcode/DerivedData/SplitLens-esekyytehlwbvfekkmbvqjmvrkcx/Build/Products/Debug-iphonesimulator -F /Users/krutinrahtod/Library/Developer/Xcode/DerivedData/SplitLens-esekyytehlwbvfekkmbvqjmvrkcx/Build/Products/Debug-iphonesimulator -emit-localized-strings -emit-localized-strings-path /Users/krutinrahtod/Library/Developer/Xcode/DerivedData/SplitLens-esekyytehlwbvfekkmbvqjmvrkcx/Build/Intermediates.noindex/SplitLens.build/Debug-iphonesimulator/SplitLens.build/Objects-normal/arm64 -c -j8 -enable-batch-mode -incremental -Xcc -ivfsstatcache -Xcc /Users/krutinrahtod/Library/Developer/Xcode/DerivedData/SDKStatCaches.noindex/iphonesimulator26.1-23B77-90cf18a4295e390e64c810bc6bd7acbc.sdkstatcache -output-file-map /Users/krutinrahtod/Library/Developer/Xcode/DerivedData/SplitLens-esekyytehlwbvfekkmbvqjmvrkcx/Build/Intermediates.noindex/SplitLens.build/Debug-iphonesimulator/SplitLens.build/Objects-normal/arm64/SplitLens-OutputFileMap.json -use-frontend-parseable-output -save-temps -no-color-diagnostics -explicit-module-build -module-cache-path /Users/krutinrahtod/Library/Developer/Xcode/DerivedData/SplitLens-esekyytehlwbvfekkmbvqjmvrkcx/Build/Intermediates.noindex/SwiftExplicitPrecompiledModules -clang-scanner-module-cache-path /Users/krutinrahtod/Library/Developer/Xcode/DerivedData/ModuleCache.noindex -sdk-module-cache-path /Users/krutinrahtod/Library/Developer/Xcode/DerivedData/ModuleCache.noindex -serialize-diagnostics -emit-dependencies -emit-module -emit-module-path /Users/krutinrahtod/Library/Developer/Xcode/DerivedData/SplitLens-esekyytehlwbvfekkmbvqjmvrkcx/Build/Intermediates.noindex/SplitLens.build/Debug-iphonesimulator/SplitLens.build/Objects-normal/arm64/SplitLens.swiftmodule -validate-clang-modules-once -clang-build-session-file /Users/krutinrahtod/Library/Developer/Xcode/DerivedData/ModuleCache.noindex/Session.modulevalidation -Xcc -I/Users/krutinrahtod/Library/Developer/Xcode/DerivedData/SplitLens-esekyytehlwbvfekkmbvqjmvrkcx/Build/Intermediates.noindex/SplitLens.build/Debug-iphonesimulator/SplitLens.build/swift-overrides.hmap -emit-const-values -Xfrontend -const-gather-protocols-file -Xfrontend /Users/krutinrahtod/Library/Developer/Xcode/DerivedData/SplitLens-esekyytehlwbvfekkmbvqjmvrkcx/Build/Intermediates.noindex/SplitLens.build/Debug-iphonesimulator/SplitLens.build/Objects-normal/arm64/SplitLens_const_extract_protocols.json -Xcc -iquote -Xcc /Users/krutinrahtod/Library/Developer/Xcode/DerivedData/SplitLens-esekyytehlwbvfekkmbvqjmvrkcx/Build/Intermediates.noindex/SplitLens.build/Debug-iphonesimulator/SplitLens.build/SplitLens-generated-files.hmap -Xcc -I/Users/krutinrahtod/Library/Developer/Xcode/DerivedData/SplitLens-esekyytehlwbvfekkmbvqjmvrkcx/Build/Intermediates.noindex/SplitLens.build/Debug-iphonesimulator/SplitLens.build/SplitLens-own-target-headers.hmap -Xcc -I/Users/krutinrahtod/Library/Developer/Xcode/DerivedData/SplitLens-esekyytehlwbvfekkmbvqjmvrkcx/Build/Intermediates.noindex/SplitLens.build/Debug-iphonesimulator/SplitLens.build/SplitLens-all-target-headers.hmap -Xcc -iquote -Xcc /Users/krutinrahtod/Library/Developer/Xcode/DerivedData/SplitLens-esekyytehlwbvfekkmbvqjmvrkcx/Build/Intermediates.noindex/SplitLens.build/Debug-iphonesimulator/SplitLens.build/SplitLens-project-headers.hmap -Xcc -I/Users/krutinrahtod/Library/Developer/Xcode/DerivedData/SplitLens-esekyytehlwbvfekkmbvqjmvrkcx/Build/Products/Debug-iphonesimulator/include -Xcc -I/Users/krutinrahtod/Library/Developer/Xcode/DerivedData/SplitLens-esekyytehlwbvfekkmbvqjmvrkcx/Build/Intermediates.noindex/SplitLens.build/Debug-iphonesimulator/SplitLens.build/DerivedSources-normal/arm64 -Xcc -I/Users/krutinrahtod/Library/Developer/Xcode/DerivedData/SplitLens-esekyytehlwbvfekkmbvqjmvrkcx/Build/Intermediates.noindex/SplitLens.build/Debug-iphonesimulator/SplitLens.build/DerivedSources/arm64 -Xcc -I/Users/krutinrahtod/Library/Developer/Xcode/DerivedData/SplitLens-esekyytehlwbvfekkmbvqjmvrkcx/Build/Intermediates.noindex/SplitLens.build/Debug-iphonesimulator/SplitLens.build/DerivedSources -Xcc -DDEBUG\=1 -emit-objc-header -emit-objc-header-path /Users/krutinrahtod/Library/Developer/Xcode/DerivedData/SplitLens-esekyytehlwbvfekkmbvqjmvrkcx/Build/Intermediates.noindex/SplitLens.build/Debug-iphonesimulator/SplitLens.build/Objects-normal/arm64/SplitLens-Swift.h -working-directory /Users/krutinrahtod/Desktop/Desktop/WEB/webCodes/latestCodee/splitLens -experimental-emit-module-separately -disable-cmo

SwiftEmitModule normal arm64 Emitting\ module\ for\ SplitLens (in target 'SplitLens' from project 'SplitLens')
EmitSwiftModule normal arm64 (in target 'SplitLens' from project 'SplitLens')
    cd /Users/krutinrahtod/Desktop/Desktop/WEB/webCodes/latestCodee/splitLens
    

SwiftCompile normal arm64 Compiling\ ReceiptItem.swift,\ ReceiptSession.swift,\ SplitLog.swift /Users/krutinrahtod/Desktop/Desktop/WEB/webCodes/latestCodee/splitLens/SplitLens/Models/ReceiptItem.swift /Users/krutinrahtod/Desktop/Desktop/WEB/webCodes/latestCodee/splitLens/SplitLens/Models/ReceiptSession.swift /Users/krutinrahtod/Desktop/Desktop/WEB/webCodes/latestCodee/splitLens/SplitLens/Models/SplitLog.swift (in target 'SplitLens' from project 'SplitLens')
SwiftCompile normal arm64 /Users/krutinrahtod/Desktop/Desktop/WEB/webCodes/latestCodee/splitLens/SplitLens/Models/ReceiptItem.swift (in target 'SplitLens' from project 'SplitLens')
    cd /Users/krutinrahtod/Desktop/Desktop/WEB/webCodes/latestCodee/splitLens
    

SwiftCompile normal arm64 /Users/krutinrahtod/Desktop/Desktop/WEB/webCodes/latestCodee/splitLens/SplitLens/Models/ReceiptSession.swift (in target 'SplitLens' from project 'SplitLens')
    cd /Users/krutinrahtod/Desktop/Desktop/WEB/webCodes/latestCodee/splitLens
    

SwiftCompile normal arm64 /Users/krutinrahtod/Desktop/Desktop/WEB/webCodes/latestCodee/splitLens/SplitLens/Models/SplitLog.swift (in target 'SplitLens' from project 'SplitLens')
    cd /Users/krutinrahtod/Desktop/Desktop/WEB/webCodes/latestCodee/splitLens
    

SwiftCompile normal arm64 Compiling\ HistoryViewModel.swift,\ ErrorHandling.swift,\ CurrencyFormatter.swift /Users/krutinrahtod/Desktop/Desktop/WEB/webCodes/latestCodee/splitLens/SplitLens/ViewModels/HistoryViewModel.swift /Users/krutinrahtod/Desktop/Desktop/WEB/webCodes/latestCodee/splitLens/SplitLens/Utilities/ErrorHandling.swift /Users/krutinrahtod/Desktop/Desktop/WEB/webCodes/latestCodee/splitLens/SplitLens/Utilities/CurrencyFormatter.swift (in target 'SplitLens' from project 'SplitLens')
SwiftCompile normal arm64 /Users/krutinrahtod/Desktop/Desktop/WEB/webCodes/latestCodee/splitLens/SplitLens/ViewModels/HistoryViewModel.swift (in target 'SplitLens' from project 'SplitLens')
    cd /Users/krutinrahtod/Desktop/Desktop/WEB/webCodes/latestCodee/splitLens
    

SwiftCompile normal arm64 /Users/krutinrahtod/Desktop/Desktop/WEB/webCodes/latestCodee/splitLens/SplitLens/Utilities/ErrorHandling.swift (in target 'SplitLens' from project 'SplitLens')
    cd /Users/krutinrahtod/Desktop/Desktop/WEB/webCodes/latestCodee/splitLens
    

SwiftCompile normal arm64 /Users/krutinrahtod/Desktop/Desktop/WEB/webCodes/latestCodee/splitLens/SplitLens/Utilities/CurrencyFormatter.swift (in target 'SplitLens' from project 'SplitLens')
    cd /Users/krutinrahtod/Desktop/Desktop/WEB/webCodes/latestCodee/splitLens
    

SwiftCompile normal arm64 Compiling\ SupabaseConfig.swift,\ GeneratedAssetSymbols.swift /Users/krutinrahtod/Desktop/Desktop/WEB/webCodes/latestCodee/splitLens/SplitLens/Configuration/SupabaseConfig.swift /Users/krutinrahtod/Library/Developer/Xcode/DerivedData/SplitLens-esekyytehlwbvfekkmbvqjmvrkcx/Build/Intermediates.noindex/SplitLens.build/Debug-iphonesimulator/SplitLens.build/DerivedSources/GeneratedAssetSymbols.swift (in target 'SplitLens' from project 'SplitLens')
SwiftCompile normal arm64 /Users/krutinrahtod/Desktop/Desktop/WEB/webCodes/latestCodee/splitLens/SplitLens/Configuration/SupabaseConfig.swift (in target 'SplitLens' from project 'SplitLens')
    cd /Users/krutinrahtod/Desktop/Desktop/WEB/webCodes/latestCodee/splitLens
    

SwiftCompile normal arm64 /Users/krutinrahtod/Library/Developer/Xcode/DerivedData/SplitLens-esekyytehlwbvfekkmbvqjmvrkcx/Build/Intermediates.noindex/SplitLens.build/Debug-iphonesimulator/SplitLens.build/DerivedSources/GeneratedAssetSymbols.swift (in target 'SplitLens' from project 'SplitLens')
    cd /Users/krutinrahtod/Desktop/Desktop/WEB/webCodes/latestCodee/splitLens
    

SwiftCompile normal arm64 Compiling\ SplitLensApp.swift,\ ValidationHelper.swift,\ ContentView.swift /Users/krutinrahtod/Desktop/Desktop/WEB/webCodes/latestCodee/splitLens/SplitLens/SplitLensApp.swift /Users/krutinrahtod/Desktop/Desktop/WEB/webCodes/latestCodee/splitLens/SplitLens/Utilities/ValidationHelper.swift /Users/krutinrahtod/Desktop/Desktop/WEB/webCodes/latestCodee/splitLens/SplitLens/Views/ContentView.swift (in target 'SplitLens' from project 'SplitLens')
Failed frontend command:
/Applications/Xcode.app/Contents/Developer/Toolchains/XcodeDefault.xctoolchain/usr/bin/swift-frontend -frontend -c -primary-file /Users/krutinrahtod/Desktop/Desktop/WEB/webCodes/latestCodee/splitLens/SplitLens/SplitLensApp.swift -primary-file /Users/krutinrahtod/Desktop/Desktop/WEB/webCodes/latestCodee/splitLens/SplitLens/Utilities/ValidationHelper.swift -primary-file /Users/krutinrahtod/Desktop/Desktop/WEB/webCodes/latestCodee/splitLens/SplitLens/Views/ContentView.swift /Users/krutinrahtod/Desktop/Desktop/WEB/webCodes/latestCodee/splitLens/SplitLens/Models/ReceiptItem.swift /Users/krutinrahtod/Desktop/Desktop/WEB/webCodes/latestCodee/splitLens/SplitLens/Models/ReceiptSession.swift /Users/krutinrahtod/Desktop/Desktop/WEB/webCodes/latestCodee/splitLens/SplitLens/Models/SplitLog.swift /Users/krutinrahtod/Desktop/Desktop/WEB/webCodes/latestCodee/splitLens/SplitLens/Services/OCRService.swift /Users/krutinrahtod/Desktop/Desktop/WEB/webCodes/latestCodee/splitLens/SplitLens/Services/SupabaseService.swift /Users/krutinrahtod/Desktop/Desktop/WEB/webCodes/latestCodee/splitLens/SplitLens/Services/BillSplitEngine.swift /Users/krutinrahtod/Desktop/Desktop/WEB/webCodes/latestCodee/splitLens/SplitLens/Services/ReportGenerationEngine.swift /Users/krutinrahtod/Desktop/Desktop/WEB/webCodes/latestCodee/splitLens/SplitLens/Utilities/DoubleExtensions.swift /Users/krutinrahtod/Desktop/Desktop/WEB/webCodes/latestCodee/splitLens/SplitLens/Services/DependencyContainer.swift /Users/krutinrahtod/Desktop/Desktop/WEB/webCodes/latestCodee/splitLens/SplitLens/ViewModels/ImageUploadViewModel.swift /Users/krutinrahtod/Desktop/Desktop/WEB/webCodes/latestCodee/splitLens/SplitLens/ViewModels/ItemsEditorViewModel.swift /Users/krutinrahtod/Desktop/Desktop/WEB/webCodes/latestCodee/splitLens/SplitLens/ViewModels/ParticipantsViewModel.swift /Users/krutinrahtod/Desktop/Desktop/WEB/webCodes/latestCodee/splitLens/SplitLens/ViewModels/AssignmentViewModel.swift /Users/krutinrahtod/Desktop/Desktop/WEB/webCodes/latestCodee/splitLens/SplitLens/Utilities/Constants.swift /Users/krutinrahtod/Desktop/Desktop/WEB/webCodes/latestCodee/splitLens/SplitLens/ViewModels/ReportViewModel.swift /Users/krutinrahtod/Desktop/Desktop/WEB/webCodes/latestCodee/splitLens/SplitLens/ViewModels/HistoryViewModel.swift /Users/krutinrahtod/Desktop/Desktop/WEB/webCodes/latestCodee/splitLens/SplitLens/Utilities/ErrorHandling.swift /Users/krutinrahtod/Desktop/Desktop/WEB/webCodes/latestCodee/splitLens/SplitLens/Utilities/CurrencyFormatter.swift /Users/krutinrahtod/Desktop/Desktop/WEB/webCodes/latestCodee/splitLens/SplitLens/Configuration/SupabaseConfig.swift /Users/krutinrahtod/Library/Developer/Xcode/DerivedData/SplitLens-esekyytehlwbvfekkmbvqjmvrkcx/Build/Intermediates.noindex/SplitLens.build/Debug-iphonesimulator/SplitLens.build/DerivedSources/GeneratedAssetSymbols.swift -supplementary-output-file-map /Users/krutinrahtod/Library/Developer/Xcode/DerivedData/SplitLens-esekyytehlwbvfekkmbvqjmvrkcx/Build/Intermediates.noindex/SplitLens.build/Debug-iphonesimulator/SplitLens.build/Objects-normal/arm64/supplementaryOutputs-1 -emit-localized-strings -emit-localized-strings-path /Users/krutinrahtod/Library/Developer/Xcode/DerivedData/SplitLens-esekyytehlwbvfekkmbvqjmvrkcx/Build/Intermediates.noindex/SplitLens.build/Debug-iphonesimulator/SplitLens.build/Objects-normal/arm64 -target arm64-apple-ios18.0-simulator -module-can-import-version DeveloperToolsSupport 23.0.4 23.0.4 -module-can-import-version SwiftUI 7.1.13.1 7.1.13 -module-can-import-version UIKit 9126.1.12.1 9126.1.12 -disable-cross-import-overlay-search -swift-module-cross-import PhotosUI /Applications/Xcode.app/Contents/Developer/Platforms/iPhoneSimulator.platform/Developer/SDKs/iPhoneSimulator.sdk/System/Library/Frameworks/PhotosUI.framework/Modules/PhotosUI.swiftcrossimport/SwiftUI.swiftoverlay -swift-module-cross-import PhotosUI /Applications/Xcode.app/Contents/Developer/Platforms/iPhoneSimulator.platform/Developer/SDKs/iPhoneSimulator.sdk/System/Library/Frameworks/PhotosUI.framework/Modules/PhotosUI.swiftcrossimport/WidgetKit.swiftoverlay -swift-module-cross-import PhotosUI /Applications/Xcode.app/Contents/Developer/Platforms/iPhoneSimulator.platform/Developer/SDKs/iPhoneSimulator26.1.sdk/System/Library/Frameworks/PhotosUI.framework/Modules/PhotosUI.swiftcrossimport/SwiftUI.swiftoverlay -swift-module-cross-import PhotosUI /Applications/Xcode.app/Contents/Developer/Platforms/iPhoneSimulator.platform/Developer/SDKs/iPhoneSimulator26.1.sdk/System/Library/Frameworks/PhotosUI.framework/Modules/PhotosUI.swiftcrossimport/WidgetKit.swiftoverlay -load-resolved-plugin /Applications/Xcode.app/Contents/Developer/Platforms/iPhoneOS.platform/Developer/usr/lib/swift/host/plugins/libFoundationMacros.dylib\#/Applications/Xcode.app/Contents/Developer/Platforms/iPhoneOS.platform/Developer/usr/bin/swift-plugin-server\#FoundationMacros -load-resolved-plugin /Applications/Xcode.app/Contents/Developer/Platforms/iPhoneOS.platform/Developer/usr/lib/swift/host/plugins/libObservationMacros.dylib\#/Applications/Xcode.app/Contents/Developer/Platforms/iPhoneOS.platform/Developer/usr/bin/swift-plugin-server\#ObservationMacros -load-resolved-plugin /Applications/Xcode.app/Contents/Developer/Platforms/iPhoneOS.platform/Developer/usr/lib/swift/host/plugins/libPreviewsMacros.dylib\#/Applications/Xcode.app/Contents/Developer/Platforms/iPhoneOS.platform/Developer/usr/bin/swift-plugin-server\#PreviewsMacros -load-resolved-plugin /Applications/Xcode.app/Contents/Developer/Platforms/iPhoneOS.platform/Developer/usr/lib/swift/host/plugins/libSwiftMacros.dylib\#/Applications/Xcode.app/Contents/Developer/Platforms/iPhoneOS.platform/Developer/usr/bin/swift-plugin-server\#SwiftMacros -load-resolved-plugin /Applications/Xcode.app/Contents/Developer/Platforms/iPhoneOS.platform/Developer/usr/lib/swift/host/plugins/libSwiftUIMacros.dylib\#/Applications/Xcode.app/Contents/Developer/Platforms/iPhoneOS.platform/Developer/usr/bin/swift-plugin-server\#SwiftUIMacros -disable-implicit-swift-modules -Xcc -fno-implicit-modules -Xcc -fno-implicit-module-maps -explicit-swift-module-map-file /Users/krutinrahtod/Library/Developer/Xcode/DerivedData/SplitLens-esekyytehlwbvfekkmbvqjmvrkcx/Build/Intermediates.noindex/SplitLens.build/Debug-iphonesimulator/SplitLens.build/Objects-normal/arm64/SplitLens-dependencies-1.json -Xllvm -aarch64-use-tbi -enable-objc-interop -sdk /Applications/Xcode.app/Contents/Developer/Platforms/iPhoneSimulator.platform/Developer/SDKs/iPhoneSimulator26.1.sdk -I /Users/krutinrahtod/Library/Developer/Xcode/DerivedData/SplitLens-esekyytehlwbvfekkmbvqjmvrkcx/Build/Products/Debug-iphonesimulator -F /Users/krutinrahtod/Library/Developer/Xcode/DerivedData/SplitLens-esekyytehlwbvfekkmbvqjmvrkcx/Build/Products/Debug-iphonesimulator -no-color-diagnostics -Xcc -fno-color-diagnostics -enable-testing -g -debug-info-format\=dwarf -dwarf-version\=5 -module-cache-path /Users/krutinrahtod/Library/Developer/Xcode/DerivedData/SplitLens-esekyytehlwbvfekkmbvqjmvrkcx/Build/Intermediates.noindex/SwiftExplicitPrecompiledModules -swift-version 5 -enforce-exclusivity\=checked -Onone -D DEBUG -serialize-debugging-options -const-gather-protocols-file /Users/krutinrahtod/Library/Developer/Xcode/DerivedData/SplitLens-esekyytehlwbvfekkmbvqjmvrkcx/Build/Intermediates.noindex/SplitLens.build/Debug-iphonesimulator/SplitLens.build/Objects-normal/arm64/SplitLens_const_extract_protocols.json -enable-experimental-feature DebugDescriptionMacro -enable-bare-slash-regex -empty-abi-descriptor -validate-clang-modules-once -clang-build-session-file /Users/krutinrahtod/Library/Developer/Xcode/DerivedData/ModuleCache.noindex/Session.modulevalidation -Xcc -working-directory -Xcc /Users/krutinrahtod/Desktop/Desktop/WEB/webCodes/latestCodee/splitLens -enable-anonymous-context-mangled-names -file-compilation-dir /Users/krutinrahtod/Desktop/Desktop/WEB/webCodes/latestCodee/splitLens -Xcc -D_LIBCPP_HARDENING_MODE\=_LIBCPP_HARDENING_MODE_DEBUG -Xcc -ivfsstatcache -Xcc /Users/krutinrahtod/Library/Developer/Xcode/DerivedData/SDKStatCaches.noindex/iphonesimulator26.1-23B77-90cf18a4295e390e64c810bc6bd7acbc.sdkstatcache -Xcc -I/Users/krutinrahtod/Library/Developer/Xcode/DerivedData/SplitLens-esekyytehlwbvfekkmbvqjmvrkcx/Build/Intermediates.noindex/SplitLens.build/Debug-iphonesimulator/SplitLens.build/swift-overrides.hmap -Xcc -iquote -Xcc /Users/krutinrahtod/Library/Developer/Xcode/DerivedData/SplitLens-esekyytehlwbvfekkmbvqjmvrkcx/Build/Intermediates.noindex/SplitLens.build/Debug-iphonesimulator/SplitLens.build/SplitLens-generated-files.hmap -Xcc -I/Users/krutinrahtod/Library/Developer/Xcode/DerivedData/SplitLens-esekyytehlwbvfekkmbvqjmvrkcx/Build/Intermediates.noindex/SplitLens.build/Debug-iphonesimulator/SplitLens.build/SplitLens-own-target-headers.hmap -Xcc -I/Users/krutinrahtod/Library/Developer/Xcode/DerivedData/SplitLens-esekyytehlwbvfekkmbvqjmvrkcx/Build/Intermediates.noindex/SplitLens.build/Debug-iphonesimulator/SplitLens.build/SplitLens-all-target-headers.hmap -Xcc -iquote -Xcc /Users/krutinrahtod/Library/Developer/Xcode/DerivedData/SplitLens-esekyytehlwbvfekkmbvqjmvrkcx/Build/Intermediates.noindex/SplitLens.build/Debug-iphonesimulator/SplitLens.build/SplitLens-project-headers.hmap -Xcc -I/Users/krutinrahtod/Library/Developer/Xcode/DerivedData/SplitLens-esekyytehlwbvfekkmbvqjmvrkcx/Build/Products/Debug-iphonesimulator/include -Xcc -I/Users/krutinrahtod/Library/Developer/Xcode/DerivedData/SplitLens-esekyytehlwbvfekkmbvqjmvrkcx/Build/Intermediates.noindex/SplitLens.build/Debug-iphonesimulator/SplitLens.build/DerivedSources-normal/arm64 -Xcc -I/Users/krutinrahtod/Library/Developer/Xcode/DerivedData/SplitLens-esekyytehlwbvfekkmbvqjmvrkcx/Build/Intermediates.noindex/SplitLens.build/Debug-iphonesimulator/SplitLens.build/DerivedSources/arm64 -Xcc -I/Users/krutinrahtod/Library/Developer/Xcode/DerivedData/SplitLens-esekyytehlwbvfekkmbvqjmvrkcx/Build/Intermediates.noindex/SplitLens.build/Debug-iphonesimulator/SplitLens.build/DerivedSources -Xcc -DDEBUG\=1 -no-auto-bridging-header-chaining -module-name SplitLens -frontend-parseable-output -disable-clang-spi -target-sdk-version 26.1 -target-sdk-name iphonesimulator26.1 -clang-target arm64-apple-ios26.1-simulator -in-process-plugin-server-path /Applications/Xcode.app/Contents/Developer/Toolchains/XcodeDefault.xctoolchain/usr/lib/swift/host/libSwiftInProcPluginServer.dylib -o /Users/krutinrahtod/Library/Developer/Xcode/DerivedData/SplitLens-esekyytehlwbvfekkmbvqjmvrkcx/Build/Intermediates.noindex/SplitLens.build/Debug-iphonesimulator/SplitLens.build/Objects-normal/arm64/SplitLensApp.o -o /Users/krutinrahtod/Library/Developer/Xcode/DerivedData/SplitLens-esekyytehlwbvfekkmbvqjmvrkcx/Build/Intermediates.noindex/SplitLens.build/Debug-iphonesimulator/SplitLens.build/Objects-normal/arm64/ValidationHelper.o -o /Users/krutinrahtod/Library/Developer/Xcode/DerivedData/SplitLens-esekyytehlwbvfekkmbvqjmvrkcx/Build/Intermediates.noindex/SplitLens.build/Debug-iphonesimulator/SplitLens.build/Objects-normal/arm64/ContentView.o -index-unit-output-path /SplitLens.build/Debug-iphonesimulator/SplitLens.build/Objects-normal/arm64/SplitLensApp.o -index-unit-output-path /SplitLens.build/Debug-iphonesimulator/SplitLens.build/Objects-normal/arm64/ValidationHelper.o -index-unit-output-path /SplitLens.build/Debug-iphonesimulator/SplitLens.build/Objects-normal/arm64/ContentView.o -index-store-path /Users/krutinrahtod/Library/Developer/Xcode/DerivedData/SplitLens-esekyytehlwbvfekkmbvqjmvrkcx/Index.noindex/DataStore -index-system-modules

SwiftCompile normal arm64 /Users/krutinrahtod/Desktop/Desktop/WEB/webCodes/latestCodee/splitLens/SplitLens/SplitLensApp.swift (in target 'SplitLens' from project 'SplitLens')
    cd /Users/krutinrahtod/Desktop/Desktop/WEB/webCodes/latestCodee/splitLens
    

SwiftCompile normal arm64 /Users/krutinrahtod/Desktop/Desktop/WEB/webCodes/latestCodee/splitLens/SplitLens/Utilities/ValidationHelper.swift (in target 'SplitLens' from project 'SplitLens')
    cd /Users/krutinrahtod/Desktop/Desktop/WEB/webCodes/latestCodee/splitLens
    

SwiftCompile normal arm64 /Users/krutinrahtod/Desktop/Desktop/WEB/webCodes/latestCodee/splitLens/SplitLens/Views/ContentView.swift (in target 'SplitLens' from project 'SplitLens')
    cd /Users/krutinrahtod/Desktop/Desktop/WEB/webCodes/latestCodee/splitLens
    
/Users/krutinrahtod/Desktop/Desktop/WEB/webCodes/latestCodee/splitLens/SplitLens/Views/ContentView.swift:12:9: error: cannot find 'HomeView' in scope
        HomeView()
        ^~~~~~~~

SwiftCompile normal arm64 Compiling\ ImageUploadViewModel.swift,\ ItemsEditorViewModel.swift,\ ParticipantsViewModel.swift /Users/krutinrahtod/Desktop/Desktop/WEB/webCodes/latestCodee/splitLens/SplitLens/ViewModels/ImageUploadViewModel.swift /Users/krutinrahtod/Desktop/Desktop/WEB/webCodes/latestCodee/splitLens/SplitLens/ViewModels/ItemsEditorViewModel.swift /Users/krutinrahtod/Desktop/Desktop/WEB/webCodes/latestCodee/splitLens/SplitLens/ViewModels/ParticipantsViewModel.swift (in target 'SplitLens' from project 'SplitLens')

SwiftCompile normal arm64 /Users/krutinrahtod/Desktop/Desktop/WEB/webCodes/latestCodee/splitLens/SplitLens/ViewModels/ImageUploadViewModel.swift (in target 'SplitLens' from project 'SplitLens')
    cd /Users/krutinrahtod/Desktop/Desktop/WEB/webCodes/latestCodee/splitLens
    

SwiftCompile normal arm64 /Users/krutinrahtod/Desktop/Desktop/WEB/webCodes/latestCodee/splitLens/SplitLens/ViewModels/ItemsEditorViewModel.swift (in target 'SplitLens' from project 'SplitLens')
    cd /Users/krutinrahtod/Desktop/Desktop/WEB/webCodes/latestCodee/splitLens
    

SwiftCompile normal arm64 /Users/krutinrahtod/Desktop/Desktop/WEB/webCodes/latestCodee/splitLens/SplitLens/ViewModels/ParticipantsViewModel.swift (in target 'SplitLens' from project 'SplitLens')
    cd /Users/krutinrahtod/Desktop/Desktop/WEB/webCodes/latestCodee/splitLens
    

SwiftCompile normal arm64 Compiling\ ReportGenerationEngine.swift,\ DoubleExtensions.swift,\ DependencyContainer.swift /Users/krutinrahtod/Desktop/Desktop/WEB/webCodes/latestCodee/splitLens/SplitLens/Services/ReportGenerationEngine.swift /Users/krutinrahtod/Desktop/Desktop/WEB/webCodes/latestCodee/splitLens/SplitLens/Utilities/DoubleExtensions.swift /Users/krutinrahtod/Desktop/Desktop/WEB/webCodes/latestCodee/splitLens/SplitLens/Services/DependencyContainer.swift (in target 'SplitLens' from project 'SplitLens')

SwiftCompile normal arm64 /Users/krutinrahtod/Desktop/Desktop/WEB/webCodes/latestCodee/splitLens/SplitLens/Services/ReportGenerationEngine.swift (in target 'SplitLens' from project 'SplitLens')
    cd /Users/krutinrahtod/Desktop/Desktop/WEB/webCodes/latestCodee/splitLens
    

SwiftCompile normal arm64 /Users/krutinrahtod/Desktop/Desktop/WEB/webCodes/latestCodee/splitLens/SplitLens/Utilities/DoubleExtensions.swift (in target 'SplitLens' from project 'SplitLens')
    cd /Users/krutinrahtod/Desktop/Desktop/WEB/webCodes/latestCodee/splitLens
    

SwiftCompile normal arm64 /Users/krutinrahtod/Desktop/Desktop/WEB/webCodes/latestCodee/splitLens/SplitLens/Services/DependencyContainer.swift (in target 'SplitLens' from project 'SplitLens')
    cd /Users/krutinrahtod/Desktop/Desktop/WEB/webCodes/latestCodee/splitLens
    

SwiftCompile normal arm64 Compiling\ OCRService.swift,\ SupabaseService.swift,\ BillSplitEngine.swift /Users/krutinrahtod/Desktop/Desktop/WEB/webCodes/latestCodee/splitLens/SplitLens/Services/OCRService.swift /Users/krutinrahtod/Desktop/Desktop/WEB/webCodes/latestCodee/splitLens/SplitLens/Services/SupabaseService.swift /Users/krutinrahtod/Desktop/Desktop/WEB/webCodes/latestCodee/splitLens/SplitLens/Services/BillSplitEngine.swift (in target 'SplitLens' from project 'SplitLens')

** BUILD FAILED **


The following build commands failed:
	SwiftCompile normal arm64 Compiling\ SplitLensApp.swift,\ ValidationHelper.swift,\ ContentView.swift /Users/krutinrahtod/Desktop/Desktop/WEB/webCodes/latestCodee/splitLens/SplitLens/SplitLensApp.swift /Users/krutinrahtod/Desktop/Desktop/WEB/webCodes/latestCodee/splitLens/SplitLens/Utilities/ValidationHelper.swift /Users/krutinrahtod/Desktop/Desktop/WEB/webCodes/latestCodee/splitLens/SplitLens/Views/ContentView.swift (in target 'SplitLens' from project 'SplitLens')
	SwiftCompile normal arm64 /Users/krutinrahtod/Desktop/Desktop/WEB/webCodes/latestCodee/splitLens/SplitLens/Views/ContentView.swift (in target 'SplitLens' from project 'SplitLens')
	Building project SplitLens with scheme SplitLens
(3 failures)
